V3 74
FL D:/Acorn/Atom/FPGA/subatomic/src/Atomic_top.vhd 2013/03/31.10:27:47 M.63c
EN work/Atomic_top 1365259450 FL D:/Acorn/Atom/FPGA/subatomic/src/Atomic_top.vhd \
      PB ieee/std_logic_1164 1277201847 PB ieee/STD_LOGIC_UNSIGNED 1277201849 \
      PB ieee/NUMERIC_STD 1277201848
AR work/Atomic_top/BEHAVIORAL 1365259451 \
      FL D:/Acorn/Atom/FPGA/subatomic/src/Atomic_top.vhd EN work/Atomic_top 1365259450 \
      CP dcm1 CP dcm2 CP T65 CP mc6847 CP SDROM CP atombasic CP atomfloat CP atomkernal \
      CP SRAM0x8000 CP I82C55 CP keyboard CP M6522
FL "D:/Acorn/Atom/FPGA/subatomic/src/DCM/DCM ATOM.vhd" 2013/03/30.18:06:21 M.63c
EN work/dcm1 1365259426 FL "D:/Acorn/Atom/FPGA/subatomic/src/DCM/DCM ATOM.vhd" \
      PB ieee/std_logic_1164 1277201847 PB ieee/NUMERIC_STD 1277201848 LB UNISIM \
      PH unisim/VCOMPONENTS 1277201848
AR work/dcm1/BEHAVIORAL 1365259427 \
      FL "D:/Acorn/Atom/FPGA/subatomic/src/DCM/DCM ATOM.vhd" EN work/dcm1 1365259426 \
      CP BUFG CP DCM
FL "D:/Acorn/Atom/FPGA/subatomic/src/DCM/DCM ATOM2.vhd" 2013/03/30.18:06:21 M.63c
EN work/dcm2 1365259428 FL "D:/Acorn/Atom/FPGA/subatomic/src/DCM/DCM ATOM2.vhd" \
      PB ieee/std_logic_1164 1277201847 PB ieee/NUMERIC_STD 1277201848 LB UNISIM \
      PH unisim/VCOMPONENTS 1277201848
AR work/dcm2/BEHAVIORAL 1365259429 \
      FL "D:/Acorn/Atom/FPGA/subatomic/src/DCM/DCM ATOM2.vhd" EN work/dcm2 1365259428 \
      CP BUFG CP DCM
FL D:/Acorn/Atom/FPGA/subatomic/src/i82C55/i82c55.vhd 2013/03/17.18:35:47 M.63c
EN work/I82C55 1365259444 FL D:/Acorn/Atom/FPGA/subatomic/src/i82C55/i82c55.vhd \
      PB ieee/std_logic_1164 1277201847 PB ieee/STD_LOGIC_UNSIGNED 1277201849 \
      PB ieee/NUMERIC_STD 1277201848
AR work/I82C55/RTL 1365259445 \
      FL D:/Acorn/Atom/FPGA/subatomic/src/i82C55/i82c55.vhd EN work/I82C55 1365259444
FL D:/Acorn/Atom/FPGA/subatomic/src/MC6522/m6522.vhd 2013/03/28.09:47:33 M.63c
EN work/M6522 1365259448 FL D:/Acorn/Atom/FPGA/subatomic/src/MC6522/m6522.vhd \
      PB ieee/std_logic_1164 1277201847 PB ieee/STD_LOGIC_UNSIGNED 1277201849 \
      PB ieee/NUMERIC_STD 1277201848
AR work/M6522/RTL 1365259449 \
      FL D:/Acorn/Atom/FPGA/subatomic/src/MC6522/m6522.vhd EN work/M6522 1365259448
FL D:/Acorn/Atom/FPGA/subatomic/src/MC6847/mc6847.vhd 2013/03/27.21:05:21 M.63c
EN work/mc6847 1365259432 FL D:/Acorn/Atom/FPGA/subatomic/src/MC6847/mc6847.vhd \
      PB ieee/std_logic_1164 1277201847 PB ieee/STD_LOGIC_UNSIGNED 1277201849 \
      PB ieee/NUMERIC_STD 1277201848
AR work/mc6847/SYN 1365259433 \
      FL D:/Acorn/Atom/FPGA/subatomic/src/MC6847/mc6847.vhd EN work/mc6847 1365259432 \
      CP work/mc6847_ntsc
FL D:/Acorn/Atom/FPGA/subatomic/src/MC6847/mc6847_ntsc.vhd 2013/03/04.23:00:24 M.63c
EN work/mc6847_ntsc 1365259420 \
      FL D:/Acorn/Atom/FPGA/subatomic/src/MC6847/mc6847_ntsc.vhd \
      PB ieee/std_logic_1164 1277201847 PB ieee/NUMERIC_STD 1277201848
AR work/mc6847_ntsc/RTL 1365259421 \
      FL D:/Acorn/Atom/FPGA/subatomic/src/MC6847/mc6847_ntsc.vhd \
      EN work/mc6847_ntsc 1365259420
FL D:/Acorn/Atom/FPGA/subatomic/src/ps2kybrd/keyboard.vhd 2013/03/31.10:19:33 M.63c
EN work/keyboard 1365259446 \
      FL D:/Acorn/Atom/FPGA/subatomic/src/ps2kybrd/keyboard.vhd \
      PB ieee/std_logic_1164 1277201847 PB ieee/NUMERIC_STD 1277201848 \
      PB ieee/STD_LOGIC_UNSIGNED 1277201849
AR work/keyboard/rtl 1365259447 \
      FL D:/Acorn/Atom/FPGA/subatomic/src/ps2kybrd/keyboard.vhd EN work/keyboard 1365259446 \
      CP ps2_intf
FL D:/Acorn/Atom/FPGA/subatomic/src/ps2kybrd/ps2_intf.vhd 2013/03/03.19:35:16 M.63c
EN work/ps2_intf 1365259418 \
      FL D:/Acorn/Atom/FPGA/subatomic/src/ps2kybrd/ps2_intf.vhd \
      PB ieee/std_logic_1164 1277201847 PB ieee/NUMERIC_STD 1277201848
AR work/ps2_intf/ps2_intf_arch 1365259419 \
      FL D:/Acorn/Atom/FPGA/subatomic/src/ps2kybrd/ps2_intf.vhd EN work/ps2_intf 1365259418
FL D:/Acorn/Atom/FPGA/subatomic/src/RAM/RAM0x8000.vhd 2013/03/29.19:13:12 M.63c
EN work/SRAM0x8000 1365259442 \
      FL D:/Acorn/Atom/FPGA/subatomic/src/RAM/RAM0x8000.vhd \
      PB ieee/std_logic_1164 1277201847 PB ieee/STD_LOGIC_UNSIGNED 1277201849
AR work/SRAM0x8000/BEHAVIORAL 1365259443 \
      FL D:/Acorn/Atom/FPGA/subatomic/src/RAM/RAM0x8000.vhd EN work/SRAM0x8000 1365259442
FL D:/Acorn/Atom/FPGA/subatomic/src/ROM/basic.vhd 2013/03/03.13:18:35 M.63c
EN work/atombasic 1365259436 FL D:/Acorn/Atom/FPGA/subatomic/src/ROM/basic.vhd \
      PB ieee/std_logic_1164 1277201847 PB ieee/NUMERIC_STD 1277201848
AR work/atombasic/RTL 1365259437 \
      FL D:/Acorn/Atom/FPGA/subatomic/src/ROM/basic.vhd EN work/atombasic 1365259436
FL D:/Acorn/Atom/FPGA/subatomic/src/ROM/float.vhd 2013/03/03.13:18:37 M.63c
EN work/atomfloat 1365259438 FL D:/Acorn/Atom/FPGA/subatomic/src/ROM/float.vhd \
      PB ieee/std_logic_1164 1277201847 PB ieee/NUMERIC_STD 1277201848
AR work/atomfloat/RTL 1365259439 \
      FL D:/Acorn/Atom/FPGA/subatomic/src/ROM/float.vhd EN work/atomfloat 1365259438
FL D:/Acorn/Atom/FPGA/subatomic/src/ROM/kernel.vhd 2013/03/06.22:13:21 M.63c
EN work/atomkernal 1365259440 FL D:/Acorn/Atom/FPGA/subatomic/src/ROM/kernel.vhd \
      PB ieee/std_logic_1164 1277201847 PB ieee/NUMERIC_STD 1277201848
AR work/atomkernal/RTL 1365259441 \
      FL D:/Acorn/Atom/FPGA/subatomic/src/ROM/kernel.vhd EN work/atomkernal 1365259440
FL D:/Acorn/Atom/FPGA/subatomic/src/ROM/SDROM22ROM.vhd 2013/03/27.20:45:38 M.63c
EN work/SDROM 1365259434 FL D:/Acorn/Atom/FPGA/subatomic/src/ROM/SDROM22ROM.vhd \
      PB ieee/std_logic_1164 1277201847 PB ieee/NUMERIC_STD 1277201848
AR work/SDROM/RTL 1365259435 \
      FL D:/Acorn/Atom/FPGA/subatomic/src/ROM/SDROM22ROM.vhd EN work/SDROM 1365259434
FL D:/Acorn/Atom/FPGA/subatomic/src/T6502/T65.vhd 2013/03/08.21:57:45 M.63c
EN work/T65 1365259430 FL D:/Acorn/Atom/FPGA/subatomic/src/T6502/T65.vhd \
      PB ieee/std_logic_1164 1277201847 PB ieee/NUMERIC_STD 1277201848 \
      PH work/T65_Pack 1365259417
AR work/T65/rtl 1365259431 \
      FL D:/Acorn/Atom/FPGA/subatomic/src/T6502/T65.vhd EN work/T65 1365259430 \
      CP T65_MCode CP T65_ALU
FL D:/Acorn/Atom/FPGA/subatomic/src/T6502/T65_ALU.vhd 2013/03/03.13:18:00 M.63c
EN work/T65_ALU 1365259424 FL D:/Acorn/Atom/FPGA/subatomic/src/T6502/T65_ALU.vhd \
      PB ieee/std_logic_1164 1277201847 PB ieee/NUMERIC_STD 1277201848 \
      PH work/T65_Pack 1365259417
AR work/T65_ALU/rtl 1365259425 \
      FL D:/Acorn/Atom/FPGA/subatomic/src/T6502/T65_ALU.vhd EN work/T65_ALU 1365259424
FL D:/Acorn/Atom/FPGA/subatomic/src/T6502/T65_MCode.vhd 2013/03/03.13:18:02 M.63c
EN work/T65_MCode 1365259422 \
      FL D:/Acorn/Atom/FPGA/subatomic/src/T6502/T65_MCode.vhd \
      PB ieee/std_logic_1164 1277201847 PB ieee/NUMERIC_STD 1277201848 \
      PH work/T65_Pack 1365259417
AR work/T65_MCode/rtl 1365259423 \
      FL D:/Acorn/Atom/FPGA/subatomic/src/T6502/T65_MCode.vhd EN work/T65_MCode 1365259422
FL D:/Acorn/Atom/FPGA/subatomic/src/T6502/T65_Pack.vhd 2013/03/03.13:17:59 M.63c
PH work/T65_Pack 1365259417 \
      FL D:/Acorn/Atom/FPGA/subatomic/src/T6502/T65_Pack.vhd \
      PB ieee/std_logic_1164 1277201847 CD T65_MCode CD T65_ALU
